# 대학 캠퍼스 구축 프로젝트
## 1. 본교 캠퍼스

### 본교 캠퍼스 구조
- A건물 - 행정, 인사, 재무 사업 부서.
- B건물 - 공대 , 미대 건물
- C건물 - 학생연구실, IT부서.
- 외부 클라우드로부터 호스트 되는 email 서버

### 본교 캠퍼스의 라우터, 스위치 생성.

![](https://velog.velcdn.com/images/luckyprice1103/post/9ef9feda-b215-4ad9-9ce6-1c7f61742b2d/image.png)

### 엔드 디바이스

![](https://velog.velcdn.com/images/luckyprice1103/post/35308298-70ab-477c-a58a-6bc661280f54/image.png)

#### 연결.
본교캠퍼스 라우터 -> 전원 off -> HWIC-2T -> 빈 슬롯으로드래그 -> 전원 on.
클라우드 라우터 -> 전원 off -> HWIC-2T -> 빈 슬롯으로드래그 -> 전원 on.
![](https://velog.velcdn.com/images/luckyprice1103/post/e5edd180-999a-4f4d-9721-eeebff8f817a/image.png)


> HWIC-2T는 Cisco 라우터에서 사용되는 **고속 WAN 인터페이스 카드(High-Speed WAN Interface Card)**로, 2개의 시리얼 포트를 제공.
✅ 즉, HWIC-2T는 시리얼 기반 WAN 연결이 필요할 때 사용하며, 기업 네트워크에서 MPLS, 프레임 릴레이, 전용선 같은 WAN 환경을 구축할 때 유용함.

connections -> serial dce로 메인캠퍼스 라우터와 클라우드 라우터 연결.

나머지는 밑의 사진처럼 connections->automtically choose connections type으로 빠르게 연결.

![](https://velog.velcdn.com/images/luckyprice1103/post/8f2fd76e-d9f1-4749-a018-0ccd9bed2a21/image.png)

#### 본교 캠퍼스 네트워크 구조.
![](https://velog.velcdn.com/images/luckyprice1103/post/ad8f4bb9-c556-44b4-adbf-3fbcd831ca72/image.png)


## 2. 분교 캠퍼스

### 분교 캠퍼스 구조
- 건물 - 학생 연구실, 교수 연구실

### 본교 캠퍼스의 라우터, 스위치 생성.

![](https://velog.velcdn.com/images/luckyprice1103/post/4134e0bd-a1e3-4546-af03-1dd3b91980c5/image.png)

### 엔드 디바이스
![](https://velog.velcdn.com/images/luckyprice1103/post/cab7dd02-df14-4550-8409-743a0eba8eab/image.png)

#### 연결.
분교캠퍼스 라우터 -> 전원 off -> HWIC-2T -> 빈 슬롯으로드래그 -> 전원 on.

![](https://velog.velcdn.com/images/luckyprice1103/post/747bf55f-8387-477f-9610-897c36cedca9/image.png)

connections -> serial dce로 본교 캠퍼스 라우터와 분교 캠퍼스 라우터 연결.

본교와 마찬가지로 나머지는 밑의 사진처럼 connections->automtically choose connections type으로 빠르게 연결.

#### 분교 캠퍼스 네트워크 구조.
![](https://velog.velcdn.com/images/luckyprice1103/post/0a8a7419-ae36-4ddf-b4a8-71cbb93fb54f/image.png)


## 3.네트워크 주소 설정.

### 본교 네트워크 주소 설정.

![](https://velog.velcdn.com/images/luckyprice1103/post/839a9647-81f6-415c-b799-7c0619ae5f11/image.png)

### 분교 네트워크 주소 설정.
![](https://velog.velcdn.com/images/luckyprice1103/post/7281ab72-cd6b-444a-851f-c4a3fd28c7f7/image.png)

### 라우터 사이의 네트워크 주소 설정.

## 4.네트워크 configuration.

### 라우터 인터페이스 활성화.
- 본교 캠퍼스 라우터

```
Router>enable
Router#conf t
Enter configuration commands, one per line.  End with CNTL/Z.
Router(config)#interface gig0/0
Router(config-if)#no shut

Router(config-if)#
%LINK-5-CHANGED: Interface GigabitEthernet0/0, changed state to up

Router(config-if)#interface se0/1/1
Router(config-if)#no shut

%LINK-5-CHANGED: Interface Serial0/1/1, changed state to down
Router(config-if)#interface se0/1/0
Router(config-if)#no shut

%LINK-5-CHANGED: Interface Serial0/1/0, changed state to down
Router(config-if)#do wr
Router(config-if)#do wr
Building configuration...
[OK]
Router(config-if)#
```

![](https://velog.velcdn.com/images/luckyprice1103/post/286e14ab-ccbc-4645-b936-32e01bce4716/image.png)

- cloud 라우터

```
Router>enable
Router#conf t
Enter configuration commands, one per line.  End with CNTL/Z.
Router(config)#interface gig0/0
Router(config-if)#no sh

Router(config-if)#
%LINK-5-CHANGED: Interface GigabitEthernet0/0, changed state to up

%LINEPROTO-5-UPDOWN: Line protocol on Interface GigabitEthernet0/0, changed state to up
interface se0/1/0
Router(config-if)#no sh

Router(config-if)#
%LINK-5-CHANGED: Interface Serial0/1/0, changed state to up

Router(config-if)#do wr
Building configuration...
[OK]
Router(config-if)#
%LINEPROTO-5-UPDOWN: Line protocol on Interface Serial0/1/0, changed state to up

```

![](https://velog.velcdn.com/images/luckyprice1103/post/ff4f2686-835e-42ab-99d1-b7f0f6f9b002/image.png)


- 분교 캠퍼스 라우터

```
Router>enable
Router#
Router#conf t
Enter configuration commands, one per line.  End with CNTL/Z.
Router(config)#interface se0/1/0
Router(config-if)#no shut

Router(config-if)#
%LINK-5-CHANGED: Interface Serial0/1/0, changed state to up
interface gig 0/1
%LINEPROTO-5-UPDOWN: Line protocol on Interface Serial0/1/0, chainterface se0/1/0
Router(config-if)#interface gig0/1
Router(config-if)#no shut

Router(config-if)#
%LINK-5-CHANGED: Interface GigabitEthernet0/1, changed state to up
do wr
Building configuration...
```

![](https://velog.velcdn.com/images/luckyprice1103/post/60d4979b-ca53-4307-b0fe-54ce8aaa71fd/image.png)

### L3 스위치 ac-power-supply 장착.

본교 , 분교 두 l3 스위치 모두에
physical -> ac-power-supply 장착.

![](https://velog.velcdn.com/images/luckyprice1103/post/f8c19ef7-faa7-4900-936a-7dcbf4b9b837/image.png)

인터페이스가 초록색으로 변환...!
![](https://velog.velcdn.com/images/luckyprice1103/post/682b7650-a96b-4ccc-a474-f26f5fd47d22/image.png)


분교 l3스위치도 장착.
![](https://velog.velcdn.com/images/luckyprice1103/post/db3f8e17-77b7-455e-9c32-c698202d345f/image.png)![](https://velog.velcdn.com/images/luckyprice1103/post/115b64ea-99c5-49e7-9d93-0869a7082d4e/image.png)

### 라우터 DCE 포트 clock rate 설정.

시계 모양이 그려진 시리얼에 clock rate를 설정 해줘야함.
![](https://velog.velcdn.com/images/luckyprice1103/post/18224e9b-9cba-48c4-b9b2-b4d3b2a40e2e/image.png)


- 본교 캠퍼스 라우터 clock rate 설정.
![](https://velog.velcdn.com/images/luckyprice1103/post/56cc60cd-0636-49a9-9d28-ca2aa8e5398c/image.png)


### 스위치 vlan 설정.

밑 그림처럼 처음에 나눈대로, vlan을 지정해주자.
![](https://velog.velcdn.com/images/luckyprice1103/post/dc574f75-9847-4be9-8185-82d428e03284/image.png)

```bash
interface range fa0/1-24  # FastEthernet 0/1~24번 포트 설정
switchport mode access     # Access 모드 설정 (1개의 VLAN만 연결)
switchport access vlan 10  # VLAN 10에 할당
do wr                      # 설정 저장

```

![](https://velog.velcdn.com/images/luckyprice1103/post/d4831262-ad67-4723-b322-fab91310027c/image.png)

다른 vlan도 마찬가지로 이름만 바꿔서 다 설정해준다.

### 각각의 l3 스위치 포트를 연결되어 있는 각각의 vlan에 access할 수 있도록 만들어준다.

```
interface gig1/0/2          # GigabitEthernet 1/0/2 포트 설정
switchport mode access      # Access 모드 설정 (한 개의 VLAN만 연결)
switchport access vlan 10   # VLAN 10에 할당

```

✔ GigabitEthernet 1/0/2 포트를 VLAN 10에 할당
✔ VLAN 10에 속한 장비끼리만 통신 가능


- 본교 캠퍼스 l3 스위치.
![](https://velog.velcdn.com/images/luckyprice1103/post/84cb5bbb-74d6-473e-917b-932fa1f64795/image.png)

![](https://velog.velcdn.com/images/luckyprice1103/post/53d3c73b-d3c7-4072-a612-28ca14478664/image.png)
- 분교 캠퍼스 l3 스위치.
![](https://velog.velcdn.com/images/luckyprice1103/post/2e53435c-9177-45fb-8ee8-4644e9e40f5d/image.png)

![](https://velog.velcdn.com/images/luckyprice1103/post/b0baf043-93cd-45bc-a22d-7502bac59b9e/image.png)


### L3 스위치에서 Trunk Encapsulation 설정

✅ 스위치에서 Trunk 모드란?
✔ Trunk 모드는 여러 개의 VLAN 트래픽을 하나의 포트로 전달하는 방식
✔ VLAN 간 데이터 전송을 위해 사용됨 (특히 스위치 간 연결 시 필수!)


```bash
Switch(config)# interface gig1/0/1
Switch(config-if)# switchport mode trunk
Switch(config-if)# switchport trunk encapsulation dot1q  # 802.1Q 태깅 설정 (구형 스위치에서 필요)

```

본교와 분교 모두 진행해준다.
    
    
### 라우터 Serial 인터페이스 IP 설정.

- 라우터 간 통신을 위해 IP가 필수 -> 서로 다른 라우터가 연결될 때, Serial 인터페이스에 IP 주소를 설정하여 동일한 네트워크에 속하도록 해야 함.

- 라우팅 프로토콜(RIPv2, OSPF 등) 활성화를 위해 필요 -> 인터페이스가 UP 상태여야 라우팅 프로토콜이 해당 네트워크를 학습하고 동작함.



먼저 라우터와 라우터를 연결하는 인터페이스들의 ip를 설정해주자.(라우터와 스위치의 ip는 나중에 설정하는 이유는 설정한다면 한개의 부서만 접근 할 수 있는 문제가 생기기 때문이다. 후에 sub 인터페이스를 만들어 줄것이다.)



- 본교 캠퍼스 라우터

![](https://velog.velcdn.com/images/luckyprice1103/post/85f4a189-5c42-4e8e-ae15-9d75b25aaf5c/image.png)

se0/1/0 se 0/1/1에 ip 할당.
![](https://velog.velcdn.com/images/luckyprice1103/post/5b17342d-894e-4e1c-af00-73728b33424d/image.png)


- 분교 캠퍼스 라우터

![](https://velog.velcdn.com/images/luckyprice1103/post/ecbf0a2b-15a6-4c82-a2e0-3c2a0b2cb7c6/image.png)


![](https://velog.velcdn.com/images/luckyprice1103/post/eee21223-0694-4471-af5c-4610aee69c2f/image.png)


- 클라우드 라우터

![](https://velog.velcdn.com/images/luckyprice1103/post/92a8cca5-6eab-422c-9ee3-fd7446af859b/image.png)


![](https://velog.velcdn.com/images/luckyprice1103/post/eb69b011-289d-4eb1-bf9d-4aced1746aaa/image.png)

- 이메일 서버 설정.
![](https://velog.velcdn.com/images/luckyprice1103/post/a4747727-4d73-4f84-a001-3fd5f7b70049/image.png)


## 5. 라우팅 설정 (Inter-VLAN, DHCP)

내부 네트워크에서는 RIPv2 프로토콜을 사용하여 동적 라우팅 수행
외부 서버 연결을 위해 정적 라우팅 설정 필요

###  Router-on-a-Stick 설정.
Router-on-a-Stick은 라우터의 하나의 물리적 인터페이스를 사용하여 **여러 VLAN 간 라우팅(Inter-VLAN 라우팅)**을 수행하는 구성 방식.


- VLAN 90과 VLAN 100 간의 Inter-VLAN 라우팅을 설정.
```
Router(config)# interface gig0/1.90
Router(config-subif)# encapsulation dot1Q 90
Router(config-subif)# ip address 192.168.9.1 255.255.255.0

Router(config)# interface gig0/1.100
Router(config-subif)# encapsulation dot1Q 100
Router(config-subif)# ip address 192.168.10.1 255.255.255.0

```

![](https://velog.velcdn.com/images/luckyprice1103/post/dba825a7-b2d0-4765-a703-0ff355665e49/image.png)


### DHCP 서버로부터 동적 IP 주소를 할당
DHCP 서버를 설정하여 클라이언트 장치에 IP 주소, 게이트웨이, DNS 등을 자동으로 할당

![](https://velog.velcdn.com/images/luckyprice1103/post/e91ebe51-ebb9-4596-9435-efd7c884fabf/image.png)
![](https://velog.velcdn.com/images/luckyprice1103/post/40dfe14b-5e79-41f1-8772-227fc0d47c5a/image.png)


라우터를 DHCP 서버로 구성하여 192.128.9.0/24, 192.128.10.0/24 네트워크에 있는 장치들이 IP를 자동으로 할당받도록 설정한 과정.
🚀 클라이언트 장치는 IP, 기본 게이트웨이, DNS 서버 정보를 자동으로 DHCP 서버로부터 받을 수 있음.

예시는 분교 캠퍼스지만 본교 캠퍼스도 같은  방법으로 inter-vlan, dhcp를 설정해주자.


- 본교 캠퍼스 inter-vlan 구축.
```
Router(config)#int gig0/0.10
Router(config-subif)#
%LINK-5-CHANGED: Interface GigabitEthernet0/0.10, changed state to up

%LINEPROTO-5-UPDOWN: Line protocol on Interface GigabitEthernet0/0.10, changed state to up

Router(config-subif)#
Router(config-subif)#en
Router(config-subif)#encapsulation dot1q
% Incomplete command.
Router(config-subif)#encapsulation dot1q 10
Router(config-subif)#ip address 102.168.1.1 255.255.255.0
Router(config-subif)#exit
Router(config)#int gig0/0.20
Router(config-subif)#
%LINK-5-CHANGED: Interface GigabitEthernet0/0.20, changed state to up

%LINEPROTO-5-UPDOWN: Line protocol on Interface GigabitEthernet0/0.20, changed state to up

Router(config-subif)#encapsulation dot1q 20
Router(config-subif)#ip address 192.168.2.1 255.255.255.0
Router(config-subif)#exit
Router(config)#int gig0/0.10
Router(config-subif)#1en
Router(config-subif)#en
Router(config-subif)#encapsulation dot
Router(config-subif)#encapsulation dot1Q 10
Router(config-subif)#ip address 192.168.1.1 255.255.255.0
Router(config-subif)#
Router(config-subif)#exit
Router(config)#
Router(config)#
Router(config)#
Router(config)#
Router(config)#interface gig0/0.30
Router(config-subif)#
%LINK-5-CHANGED: Interface GigabitEthernet0/0.30, changed state to up

%LINEPROTO-5-UPDOWN: Line protocol on Interface GigabitEthernet0/0.30, changed state to up

Router(config-subif)#en
Router(config-subif)#encapsulation d
Router(config-subif)#encapsulation dot1Q 30
Router(config-subif)#ip
Router(config-subif)#ip ad
Router(config-subif)#ip address 192.168.3.1 255.255.255.0
Router(config-subif)#exit
Router(config)#
Router(config)#
Router(config)#interface gig0/0.40
Router(config-subif)#
%LINK-5-CHANGED: Interface GigabitEthernet0/0.40, changed state to up

%LINEPROTO-5-UPDOWN: Line protocol on Interface GigabitEthernet0/0.40, changed state to up

Router(config-subif)#
Router(config-subif)#encapsulation dot1Q 40
Router(config-subif)#ip address 192.168.4.1 255.255.255.0
Router(config-subif)#
Router(config-subif)#exit
Router(config)#
Router(config)#
Router(config)#interface gig0/0.50
Router(config-subif)#
%LINK-5-CHANGED: Interface GigabitEthernet0/0.50, changed state to up

%LINEPROTO-5-UPDOWN: Line protocol on Interface GigabitEthernet0/0.50, changed state to up

Router(config-subif)#
Router(config-subif)#
Router(config-subif)#encapsulation dot1Q 50
Router(config-subif)#ip address 192.168.5.1 255.255.255.0
Router(config-subif)#
Router(config-subif)#
Router(config-subif)#exit
Router(config)#
Router(config)#
Router(config)#interface gig0/0.60
Router(config-subif)#
%LINK-5-CHANGED: Interface GigabitEthernet0/0.60, changed state to up

%LINEPROTO-5-UPDOWN: Line protocol on Interface GigabitEthernet0/0.60, changed state to up

Router(config-subif)#
Router(config-subif)#encapsulation dot1Q 60
Router(config-subif)#
Router(config-subif)#ip address 192.168.6.1 255.255.255.0
Router(config-subif)#
Router(config-subif)#
Router(config-subif)#exit
Router(config)#
Router(config)#interface gig0/0.70
Router(config-subif)#
%LINK-5-CHANGED: Interface GigabitEthernet0/0.70, changed state to up

%LINEPROTO-5-UPDOWN: Line protocol on Interface GigabitEthernet0/0.70, changed state to up

Router(config-subif)#encapsulation dot1Q 70
Router(config-subif)#ip address 192.168.7.1 255.255.255.0
Router(config-subif)#
Router(config-subif)#exit
Router(config)#
Router(config)#
Router(config)#interface gig0/0.80
Router(config-subif)#
%LINK-5-CHANGED: Interface GigabitEthernet0/0.80, changed state to up

%LINEPROTO-5-UPDOWN: Line protocol on Interface GigabitEthernet0/0.80, changed state to up
```

![](https://velog.velcdn.com/images/luckyprice1103/post/6380c648-3966-49d5-a5b4-92789a3cad1b/image.png)


- 본교 캠퍼스 dhcp 구축.
```
Router(config)#service dhcp
Router(config)#dhcp pool admin-pool
                ^
% Invalid input detected at '^' marker.
	
Router(config)#ip dhcp pool admin-pool
Router(dhcp-config)#network 192.168.1.0 255.255.255.0
Router(dhcp-config)#def
Router(dhcp-config)#default-router 192.168.1.1
Router(dhcp-config)#dns
Router(dhcp-config)#dns-server 192.168.1.1
Router(dhcp-config)#ex
Router(config)#
Router(config)#
Router(config)#
Router(config)#
Router(config)#
Router(config)#
Router(config)#ip dhcp poolㅗㄱ-pool
                           ^
% Invalid input detected at '^' marker.
	
Router(config)#ip dhcp pool hr-pool
Router(dhcp-config)#network 192.168.2.0 255.255.255.0
Router(dhcp-config)#default-router 192.168.2.1
Router(dhcp-config)#dns-server 192.168.2.1
Router(dhcp-config)#
Router(dhcp-config)#exit
Router(config)#
Router(config)#
Router(config)#
Router(config)#
Router(config)#
Router(config)#ip dhcp pool finance-pool
Router(dhcp-config)#
%LINEPROTO-5-UPDOWN: Line protocol on Interface Serial0/1/1, changed state to down

%LINEPROTO-5-UPDOWN: Line protocol on Interface Serial0/1/0, changed state to down

%LINEPROTO-5-UPDOWN: Line protocol on Interface Serial0/1/1, changed state to up

%LINEPROTO-5-UPDOWN: Line protocol on Interface Serial0/1/0, changed state to up
network 192.168.3.0 255.255.255.0
Router(dhcp-config)#
Router(dhcp-config)#default-router 192.168.3.1
Router(dhcp-config)#ns-server 192.168.3.1
                     ^
% Invalid input detected at '^' marker.
	
Router(dhcp-config)#dns-server 192.168.3.1
Router(dhcp-config)#
Router(dhcp-config)#
Router(dhcp-config)#exit
Router(config)#
Router(config)#
Router(config)#
Router(config)#ip dhcp pool business-pool
Router(dhcp-config)#network 192.168.4.0 255.255.255.0
Router(dhcp-config)#default-router 192.168.4.1
Router(dhcp-config)#dns-server 192.168.4.1
Router(dhcp-config)#
Router(dhcp-config)#
Router(dhcp-config)#
Router(dhcp-config)#exit
Router(config)#
Router(config)#
Router(config)#ip dhcp pool EC-pool
Router(dhcp-config)#network 192.168.5.0 255.255.255.0
Router(dhcp-config)#default-router 192.168.5.1
Router(dhcp-config)#dns-server 192.168.5.1
Router(dhcp-config)#
Router(dhcp-config)#
Router(dhcp-config)#exit
Router(config)#ip dhcp pool AD-pool
Router(dhcp-config)#network 192.168.6.0 255.255.255.0
Router(dhcp-config)#default-router 192.168.6.1
Router(dhcp-config)#dns-server 192.168.6.1
Router(dhcp-config)#
Router(dhcp-config)#
Router(dhcp-config)#exit
Router(config)#
Router(config)#
Router(config)#
Router(config)#ip dhcp pool stu-pool
Router(dhcp-config)#network 192.168.7.0 255.255.255.0
Router(dhcp-config)#default-router 192.168.7.1
Router(dhcp-config)#dns-server 192.168.7.1
Router(dhcp-config)#
Router(dhcp-config)#
Router(dhcp-config)#exit
Router(config)#
Router(config)#
Router(config)#ip dhcp pool IT-pool
Router(dhcp-config)#network 192.168.8.0 255.255.255.0
Router(dhcp-config)#default-router 192.168.8.1
Router(dhcp-config)#dns-server 192.168.8.1
Router(dhcp-config)#
Router(dhcp-config)#
Router(dhcp-config)#
Router(dhcp-config)#
Router(dhcp-config)#exit
Router(config)#do wr
```



### 장치들이 ip를 잘 할당 받았는지 확인하자.

![](https://velog.velcdn.com/images/luckyprice1103/post/f047df2d-6991-4cf4-a0b7-0f3e24525914/image.png)
pc9 선택 -> desktop -> ip configuration -> dhcp

![](https://velog.velcdn.com/images/luckyprice1103/post/f58ce07a-027b-4a7d-b4da-a4db912397d7/image.png)

- vlan 끼리 이제 통신이 가능하다.

교수 연구실 -> 학생 연구실(o)

![](https://velog.velcdn.com/images/luckyprice1103/post/3848776d-4187-456f-bc1a-5706ddb7c769/image.png)


행정부 -> 전산(o)
![](https://velog.velcdn.com/images/luckyprice1103/post/56253976-42b2-423d-ab81-7550ed14c624/image.png)


행정부 -> 분교 학생 연구실(x)
![](https://velog.velcdn.com/images/luckyprice1103/post/27b82f83-b84a-4825-8e78-86cc06b6c946/image.png)



## 6. 라우팅 설정 (RIPv2 & Static Routing)

### RIP(Routing Information Protocol) v2 라우팅 프로토콜
라우터에 RIP(Routing Information Protocol) v2 라우팅 프로토콜을 설정. RIP는 동적 라우팅 프로토콜 중 하나로, 라우터가 네트워크 경로를 자동으로 학습하고 교환할 수 있게 해줌....!

> 📌 예시
- 라우터 A 네트워크: 10.10.10.1/30
- 라우터 B 네트워크: 10.10.10.2/30

> 🔍 라우터 간 통신 흐름
- 라우터 A가 RIP를 통해 라우터 B에게 자신의 네트워크(10.10.10.1)를 광고.
- 라우터 B가 RIP를 통해 라우터 A에게 자신의 네트워크(10.10.10.2)를 광고.
이제 두 라우터는 서로 네트워크를 학습하고 경로를 설정하여 통신 가능.


### 라우터에 RIP v2 라우팅 프로토콜 설정.
- 분교 캠퍼스 라우터

![](https://velog.velcdn.com/images/luckyprice1103/post/f090776f-17a6-4ded-b884-3b870b45ccb2/image.png)

- 본교 캠퍼스 라우터
![](https://velog.velcdn.com/images/luckyprice1103/post/e71902f9-97ec-47f1-890a-6ad2e5f40712/image.png)
- 클라우드 라우터.
![](https://velog.velcdn.com/images/luckyprice1103/post/f7ee071a-3c86-4b05-aab1-0fd5b4c3a4d3/image.png)



### 통신 테스트

- 행정부(본교) -> 교수 연구실(분교), 학생연구실(분교)
![](https://velog.velcdn.com/images/luckyprice1103/post/3af983c4-6cc1-466b-8a84-ef4145cdef28/image.png)통신 성공.....!

- 행정부(본교) -> 클라우드.
![](https://velog.velcdn.com/images/luckyprice1103/post/ca45fd7f-68d9-47db-b201-7d51cc5b28bc/image.png)통신 성공.....!




## 7. 방화벽 정책

### 1. VLAN 분리

기능: VLAN을 통해 네트워크를 분리하여 트래픽을 격리.
방화벽 확장: VLAN 간 통신에서 ACL(Access Control List) 또는 방화벽 규칙을 적용하면 보안 정책을 강화할 수 있음.
예: 학생 VLAN과 서버 VLAN 간 특정 트래픽(HTTP/HTTPS)만 허용.

### 3.Inter-VLAN 라우팅

기능: 서로 다른 VLAN 간 통신 지원.
방화벽 확장: Inter-VLAN 트래픽에 대해 방화벽 규칙을 설정하여 허용된 서비스만 통신 가능하도록 제어
예: 교수 VLAN에서만 서버 VLAN에 접근 허용.

### 3.라우터 간 동적 라우팅 (RIP)

기능: 캠퍼스 간 네트워크 경로를 자동으로 학습하고 최적화.
방화벽 확장: 라우터 간 연결에 대해 방화벽 정책을 설정해 **RIP 트래픽(UDP 520)**만 허용.
예: 다른 건물 네트워크에서 불필요한 트래픽 차단.

### 4.DHCP 서버

기능: IP 주소를 자동 할당.
방화벽 확장: DHCP 요청/응답 트래픽(UDP 67, 68)에 대한 포트 허용 규칙을 명시적으로 설정.


### 📌 방화벽을 추가할 수 있는 주요 영역

> 1️⃣  VLAN 간 트래픽 제어
목적: VLAN 간 통신에서 불필요한 트래픽을 차단하여 보안 강화.
방화벽 정책 예시:
학생 VLAN(192.168.7.0/24)은 인터넷만 접근 가능.
행정 VLAN(192.168.1.0/24)은 서버 VLAN(192.168.8.0/24)에 접근 가능.
허용: 관리 VLAN → 서버 VLAN (TCP 22, TCP 443)
차단: 학생 VLAN → 서버 VLAN (모든 트래픽)

> 2️⃣ 외부 인터넷과 내부 네트워크 간 방화벽
목적: 외부 인터넷과 내부 네트워크 간 필요한 트래픽만 허용.
방화벽 정책 예시:
외부에서 내부 서버로는 HTTP/HTTPS 트래픽만 허용.
내부 사용자(학생, 교수)는 모든 웹 트래픽 가능.
허용: 외부 → 서버 VLAN (TCP 80, TCP 443)
허용: 내부 → 외부 (TCP 80, TCP 443)
차단: 외부 → 내부 VLAN (모든 트래픽)


> 3️⃣ 라우터와 스위치 간 방화벽 정책
목적: 라우터와 스위치 간 특정 프로토콜(RIP, OSPF 등)만 허용.
방화벽 정책 예시:
RIP 동작을 위한 UDP 포트 520만 허용.
허용: 라우터1 ↔ 라우터2 (UDP 520)
차단: 라우터1 ↔ 라우터2 (다른 트래픽)

> 4️⃣ 서버 VLAN 보호
목적: 서버 VLAN으로 접근하는 트래픽을 제한하여 민감 데이터 보호.
방화벽 정책 예시:
행정 VLAN(192.168.1.0/24)만 데이터베이스 서버 접근 가능.
허용: 전산 VLAN → 데이터베이스 서버 (TCP 3306)
차단: 학생, 교수, VLAN → 서버 VLAN (모든 트래픽)



## 8. 대학 캠퍼스 네트워크 구축 완료.

![](https://velog.velcdn.com/images/luckyprice1103/post/88d0db40-a982-4f0f-a04f-63bd6d8b8e87/image.png)



